I'm sorry, but errors were detected in your script. Please correct the
errors listed below, and try again.


File "game/transforms.rpy", line 635: expected 'name' not found.
    transform:
             ^

Ren'Py Version: Ren'Py 7.3.5.606
Mon Jun 21 15:14:24 2021
